// Jest Snapshot v1, https://goo.gl/fbAQLP

exports[`FormTab should render 1`] = `
<div>
  <div
    class="flex flex-col gap-2"
    data-orientation="horizontal"
    data-slot="tabs"
    dir="ltr"
  >
    <div
      aria-labelledby="radix-«r0»-trigger-test"
      class="flex-1 outline-none"
      data-orientation="horizontal"
      data-slot="tabs-content"
      data-state="active"
      id="radix-«r0»-content-test"
      role="tabpanel"
      style="animation-duration: 0s;"
      tabindex="0"
    >
      <section
        class="flex flex-col gap-y-8 py-2 sm:py-4 md:py-6"
      >
        <div>
          Child
        </div>
      </section>
    </div>
  </div>
</div>
`;
