// Jest Snapshot v1, https://goo.gl/fbAQLP

exports[`NotFound component should render correctly 1`] = `
<div>
  <div
    class="my-0 mx-auto py-40 text-center max-w-lg"
  >
    <div
      class="my-0 mx-auto py-2"
    >
      <h1
        class="text-4xl sm:text-6xl font-semibold leading-none tracking-tight"
      >
        404
      </h1>
      <p
        class="py-2"
      >
        Your curiosity is astounding. Though, at the moment we don't have the treasure you seek
      </p>
    </div>
    <a
      href="/navigation"
    >
      <button
        class="inline-flex items-center justify-center gap-2 whitespace-nowrap rounded-md text-sm font-medium transition-all disabled:pointer-events-none disabled:opacity-50 [&_svg]:pointer-events-none [&_svg:not([class*='size-'])]:size-4 shrink-0 [&_svg]:shrink-0 outline-none focus-visible:border-ring focus-visible:ring-ring/50 focus-visible:ring-[3px] aria-invalid:ring-destructive/20 dark:aria-invalid:ring-destructive/40 aria-invalid:border-destructive bg-primary text-primary-foreground shadow-xs hover:bg-primary/90 h-9 px-4 py-2 has-[>svg]:px-3 cursor-pointer"
        data-slot="button"
      >
        Check available tools
      </button>
    </a>
  </div>
</div>
`;
