// Jest Snapshot v1, https://goo.gl/fbAQLP

exports[`WorldTimeClock should render correctly 1`] = `
<div>
  <div
    class="flex justify-center items-center"
    data-testid="world-time-clock"
  >
    <time
      class="text-4xl md:text-5xl lg:text-6xl"
    >
      12-00 00
    </time>
  </div>
</div>
`;
